Command line invocation:
    /Applications/Xcode-beta.app/Contents/Developer/usr/bin/xcodebuild build -scheme COLDFRAME -project COLDFRAME.xcodeproj

Resolve Package Graph


Resolved source packages:
  SwiftAA: https://github.com/onekiloparsec/SwiftAA.git @ 3.0.1

2026-03-14 17:30:03.150 xcodebuild[68056:3102138] [MT] IDERunDestination: Supported platforms for the buildables in the current scheme is empty.
--- xcodebuild: WARNING: Using the first of multiple matching destinations:
{ platform:iOS, id:dvtdevice-DVTiPhonePlaceholder-iphoneos:placeholder, name:Any iOS Device }
{ platform:iOS Simulator, id:dvtdevice-DVTiOSDeviceSimulatorPlaceholder-iphonesimulator:placeholder, name:Any iOS Simulator Device }
{ platform:iOS Simulator, arch:arm64, id:468195DA-AED8-4455-A286-55DF35518A57, OS:26.2, name:iPad (A16) }
{ platform:iOS Simulator, arch:arm64, id:3D0F5986-6B17-43F5-9F89-CB22488F7657, OS:26.4, name:iPad (A16) }
{ platform:iOS Simulator, arch:arm64, id:D9912BAD-4766-4470-9D65-51D760C179B6, OS:26.2, name:iPad Air 11-inch (M3) }
{ platform:iOS Simulator, arch:arm64, id:4D05E6D5-59F2-4119-A029-19AE0CEF7B61, OS:26.4, name:iPad Air 11-inch (M4) }
{ platform:iOS Simulator, arch:arm64, id:A61FBF42-29F5-4ADA-AACB-11115BBD3A89, OS:26.2, name:iPad Air 13-inch (M3) }
{ platform:iOS Simulator, arch:arm64, id:07A74C7A-458E-4D28-8F38-7DD7C0A0419B, OS:26.4, name:iPad Air 13-inch (M4) }
{ platform:iOS Simulator, arch:arm64, id:D1A64285-114B-4631-9DB1-AB78C720C948, OS:26.2, name:iPad Pro 11-inch (M5) }
{ platform:iOS Simulator, arch:arm64, id:551A9AA9-ECCF-4816-AA39-D63BFD72E3BC, OS:26.4, name:iPad Pro 11-inch (M5) }
{ platform:iOS Simulator, arch:arm64, id:E90E3543-D660-4D81-B272-1733E5983A72, OS:26.2, name:iPad Pro 13-inch (M5) }
{ platform:iOS Simulator, arch:arm64, id:E1BA3750-1254-4B29-A366-D0B1C41072D7, OS:26.4, name:iPad Pro 13-inch (M5) }
{ platform:iOS Simulator, arch:arm64, id:BEC89DD7-BA9E-4D47-9CC1-3617E8A5F7EE, OS:26.2, name:iPad mini (A17 Pro) }
{ platform:iOS Simulator, arch:arm64, id:21BB81B8-654E-4009-BC64-7A2D7E3A67E5, OS:26.4, name:iPad mini (A17 Pro) }
{ platform:iOS Simulator, arch:arm64, id:F61DE5F5-AE89-4A29-AE9E-97AAC36D5DF1, OS:26.2, name:iPhone 16e }
{ platform:iOS Simulator, arch:arm64, id:960F1606-A350-4AB7-AEA1-92FB07D31FB1, OS:26.2, name:iPhone 17 }
{ platform:iOS Simulator, arch:arm64, id:06F93959-1A8B-4B98-A839-1852448805DA, OS:26.4, name:iPhone 17 }
{ platform:iOS Simulator, arch:arm64, id:BF75DCEE-B727-4E34-9A46-F1FEDF9B28A6, OS:26.2, name:iPhone 17 Pro }
{ platform:iOS Simulator, arch:arm64, id:1C137BB1-86CB-4DA2-A4A0-303966580B58, OS:26.4, name:iPhone 17 Pro }
{ platform:iOS Simulator, arch:arm64, id:A5BE0988-566C-40C6-94C0-14A6EFF74C88, OS:26.2, name:iPhone 17 Pro Max }
{ platform:iOS Simulator, arch:arm64, id:2ED26573-99E2-4F45-80B0-34E282C3D6A5, OS:26.4, name:iPhone 17 Pro Max }
{ platform:iOS Simulator, arch:arm64, id:AC6229E0-B228-4C9A-89E8-7AEA881B65F0, OS:26.4, name:iPhone 17e }
{ platform:iOS Simulator, arch:arm64, id:5B7E8832-55D6-4B51-A053-F7026E3F3E13, OS:26.2, name:iPhone Air }
{ platform:iOS Simulator, arch:arm64, id:1B5A1540-CF3F-4285-B38E-8E8B14E7ACA0, OS:26.4, name:iPhone Air }
{ platform:iOS, arch:arm64, id:00008130-000270A126E0001C, name:DARKWINTER }
ComputePackagePrebuildTargetDependencyGraph

Prepare packages

CreateBuildRequest

SendProjectDescription

CreateBuildOperation

ComputeTargetDependencyGraph
note: Building targets in dependency order
note: Target dependency graph (7 targets)
    Target 'COLDFRAME' in project 'COLDFRAME'
        ➜ Explicit dependency on target 'SwiftAA' in project 'SwiftAA'
        ➜ Explicit dependency on target 'AAplus' in project 'SwiftAA'
        ➜ Explicit dependency on target 'AABridge' in project 'SwiftAA'
    Target 'AABridge' in project 'SwiftAA'
        ➜ Explicit dependency on target 'AABridge' in project 'SwiftAA'
        ➜ Explicit dependency on target 'AAplus' in project 'SwiftAA'
    Target 'AAplus' in project 'SwiftAA'
        ➜ Explicit dependency on target 'AAplus' in project 'SwiftAA'
    Target 'SwiftAA' in project 'SwiftAA'
        ➜ Explicit dependency on target 'SwiftAA' in project 'SwiftAA'
        ➜ Explicit dependency on target 'AAplus' in project 'SwiftAA'
        ➜ Explicit dependency on target 'AABridge' in project 'SwiftAA'
    Target 'SwiftAA' in project 'SwiftAA'
        ➜ Explicit dependency on target 'AAplus' in project 'SwiftAA'
        ➜ Explicit dependency on target 'AABridge' in project 'SwiftAA'
    Target 'AABridge' in project 'SwiftAA'
        ➜ Explicit dependency on target 'AAplus' in project 'SwiftAA'
    Target 'AAplus' in project 'SwiftAA' (no dependencies)

GatherProvisioningInputs

CreateBuildDescription

ExecuteExternalTool /Applications/Xcode-beta.app/Contents/Developer/usr/bin/actool --print-asset-tag-combinations --output-format xml1 /Users/mo/Developer/PROTO/COLDFRAME/COLDFRAME/Assets.xcassets

ExecuteExternalTool /Applications/Xcode-beta.app/Contents/Developer/Toolchains/XcodeDefault.xctoolchain/usr/bin/clang -v -E -dM -arch arm64 -isysroot /Applications/Xcode-beta.app/Contents/Developer/Platforms/iPhoneOS.platform/Developer/SDKs/iPhoneOS26.4.sdk -x c++ -c /dev/null

ExecuteExternalTool /Applications/Xcode-beta.app/Contents/Developer/Toolchains/XcodeDefault.xctoolchain/usr/bin/clang -v -E -dM -isysroot /Applications/Xcode-beta.app/Contents/Developer/Platforms/iPhoneOS.platform/Developer/SDKs/iPhoneOS26.4.sdk -x c -c /dev/null

ExecuteExternalTool /Applications/Xcode-beta.app/Contents/Developer/Toolchains/XcodeDefault.xctoolchain/usr/bin/swiftc --version

ExecuteExternalTool /Applications/Xcode-beta.app/Contents/Developer/usr/bin/actool --version --output-format xml1

ExecuteExternalTool /Applications/Xcode-beta.app/Contents/Developer/Toolchains/XcodeDefault.xctoolchain/usr/bin/clang -v -E -dM -arch arm64 -isysroot /Applications/Xcode-beta.app/Contents/Developer/Platforms/iPhoneOS.platform/Developer/SDKs/iPhoneOS26.4.sdk -x c -c /dev/null

ExecuteExternalTool /Applications/Xcode-beta.app/Contents/Developer/Toolchains/XcodeDefault.xctoolchain/usr/bin/ld -version_details

Build description signature: 3d2b366a4f126f694d5afe48370e118d
Build description path: /Users/mo/Library/Developer/Xcode/DerivedData/COLDFRAME-fgcxpvwgsxtlyxbmvrkmrwjjsqom/Build/Intermediates.noindex/XCBuildData/3d2b366a4f126f694d5afe48370e118d.xcbuilddata
ClangStatCache /Applications/Xcode-beta.app/Contents/Developer/Toolchains/XcodeDefault.xctoolchain/usr/bin/clang-stat-cache /Applications/Xcode-beta.app/Contents/Developer/Platforms/iPhoneOS.platform/Developer/SDKs/iPhoneOS26.4.sdk /Users/mo/Library/Developer/Xcode/DerivedData/SDKStatCaches.noindex/iphoneos26.4-23E5233a-11708f5318cd587bfa37349fa7880338.sdkstatcache
    cd /Users/mo/Developer/PROTO/COLDFRAME/COLDFRAME.xcodeproj
    /Applications/Xcode-beta.app/Contents/Developer/Toolchains/XcodeDefault.xctoolchain/usr/bin/clang-stat-cache /Applications/Xcode-beta.app/Contents/Developer/Platforms/iPhoneOS.platform/Developer/SDKs/iPhoneOS26.4.sdk -o /Users/mo/Library/Developer/Xcode/DerivedData/SDKStatCaches.noindex/iphoneos26.4-23E5233a-11708f5318cd587bfa37349fa7880338.sdkstatcache

ProcessInfoPlistFile /Users/mo/Library/Developer/Xcode/DerivedData/COLDFRAME-fgcxpvwgsxtlyxbmvrkmrwjjsqom/Build/Products/Debug-iphoneos/COLDFRAME.app/Info.plist /Users/mo/Developer/PROTO/COLDFRAME/COLDFRAME/Info.plist (in target 'COLDFRAME' from project 'COLDFRAME')
    cd /Users/mo/Developer/PROTO/COLDFRAME
    builtin-infoPlistUtility /Users/mo/Developer/PROTO/COLDFRAME/COLDFRAME/Info.plist -producttype com.apple.product-type.application -genpkginfo /Users/mo/Library/Developer/Xcode/DerivedData/COLDFRAME-fgcxpvwgsxtlyxbmvrkmrwjjsqom/Build/Products/Debug-iphoneos/COLDFRAME.app/PkgInfo -expandbuildsettings -format binary -platform iphoneos -additionalcontentfile /Users/mo/Library/Developer/Xcode/DerivedData/COLDFRAME-fgcxpvwgsxtlyxbmvrkmrwjjsqom/Build/Intermediates.noindex/COLDFRAME.build/Debug-iphoneos/COLDFRAME.build/assetcatalog_generated_info.plist -requiredArchitecture arm64 -o /Users/mo/Library/Developer/Xcode/DerivedData/COLDFRAME-fgcxpvwgsxtlyxbmvrkmrwjjsqom/Build/Products/Debug-iphoneos/COLDFRAME.app/Info.plist

CopySwiftLibs /Users/mo/Library/Developer/Xcode/DerivedData/COLDFRAME-fgcxpvwgsxtlyxbmvrkmrwjjsqom/Build/Products/Debug-iphoneos/COLDFRAME.app (in target 'COLDFRAME' from project 'COLDFRAME')
    cd /Users/mo/Developer/PROTO/COLDFRAME
    builtin-swiftStdLibTool --copy --verbose --sign C4E676A4E5BF454BCBEAFC47BEAB13A79E81D02C --scan-executable /Users/mo/Library/Developer/Xcode/DerivedData/COLDFRAME-fgcxpvwgsxtlyxbmvrkmrwjjsqom/Build/Products/Debug-iphoneos/COLDFRAME.app/COLDFRAME.debug.dylib --scan-folder /Users/mo/Library/Developer/Xcode/DerivedData/COLDFRAME-fgcxpvwgsxtlyxbmvrkmrwjjsqom/Build/Products/Debug-iphoneos/COLDFRAME.app/Frameworks --scan-folder /Users/mo/Library/Developer/Xcode/DerivedData/COLDFRAME-fgcxpvwgsxtlyxbmvrkmrwjjsqom/Build/Products/Debug-iphoneos/COLDFRAME.app/PlugIns --scan-folder /Users/mo/Library/Developer/Xcode/DerivedData/COLDFRAME-fgcxpvwgsxtlyxbmvrkmrwjjsqom/Build/Products/Debug-iphoneos/COLDFRAME.app/SystemExtensions --scan-folder /Users/mo/Library/Developer/Xcode/DerivedData/COLDFRAME-fgcxpvwgsxtlyxbmvrkmrwjjsqom/Build/Products/Debug-iphoneos/COLDFRAME.app/Extensions --platform iphoneos --toolchain /Applications/Xcode-beta.app/Contents/Developer/Toolchains/XcodeDefault.xctoolchain --destination /Users/mo/Library/Developer/Xcode/DerivedData/COLDFRAME-fgcxpvwgsxtlyxbmvrkmrwjjsqom/Build/Products/Debug-iphoneos/COLDFRAME.app/Frameworks --strip-bitcode --strip-bitcode-tool /Applications/Xcode-beta.app/Contents/Developer/Toolchains/XcodeDefault.xctoolchain/usr/bin/bitcode_strip --emit-dependency-info /Users/mo/Library/Developer/Xcode/DerivedData/COLDFRAME-fgcxpvwgsxtlyxbmvrkmrwjjsqom/Build/Intermediates.noindex/COLDFRAME.build/Debug-iphoneos/COLDFRAME.build/SwiftStdLibToolInputDependencies.dep --filter-for-swift-os

** BUILD SUCCEEDED **

